  ???????????????????????????? ???????????????????????????????????????????????????????????????????????????????????????
  ?[tumuxi]                  ? ?  ? amp-0 ?  ? amp-1 ?  + New                                                        ?
  ?                          ? ? frame 2 -xxxxxxxxxxxxxxxxxxxxxx                                                     ?
  ? primary                  ? ?                                                                                     ?
  ?  + New                   ? ?                                                                                     ?
  ?                          ? ?                                                                                     ?
  ?                          ? ?                                                                                     ?
  ?                          ? ?                                                                                     ?
  ?                          ? ?                                                                                     ?
  ?                          ? ?                                                                                     ?
  ?                          ? ?                                                                                     ?
  ?                          ? ?                                                                                     ?
  ?                          ? ?                                                                                     ?
  ?                          ? ?                                                                                     ?
  ?                          ? ?                                                                                     ?
  ?                          ? ?                                                                                     ?
  ?                          ? ?                                                                                     ?
  ?                          ? ?                                                                                     ?
  ?                          ? ?                                                                                     ?
  ?                          ? ?                                                                                     ?
  ?                          ? ?                                                                                     ?
  ?                          ? ?                                                                                     ?
  ?[?H] [?M] [?S]            ? ?                                                                                     ?
  ???????????????????????????? ???????????????????????????????????????????????????????????????????????????????????????